index.ts(10,20): error TS2307: Cannot find module 'morgan' or its corresponding type declarations.
routes/ai.ts(2,20): error TS2307: Cannot find module 'openai' or its corresponding type declarations.
routes/ai.ts(3,36): error TS2307: Cannot find module '@google/generative-ai' or its corresponding type declarations.
